   Compiling libc v0.2.175
   Compiling getrandom v0.3.3
   Compiling cfg-if v1.0.3
   Compiling proc-macro2 v1.0.101
   Compiling unicode-ident v1.0.19
   Compiling rustix v1.1.2
   Compiling zerocopy v0.8.31
   Compiling rand_core v0.9.3
   Compiling quote v1.0.40
   Compiling linux-raw-sys v0.11.0
   Compiling autocfg v1.5.0
   Compiling bitflags v2.9.4
   Compiling num-traits v0.2.19
   Compiling syn v2.0.106
   Compiling once_cell v1.21.3
   Compiling fastrand v2.3.0
   Compiling tempfile v3.22.0
   Compiling bytemuck_derive v1.10.2
   Compiling ppv-lite86 v0.2.21
   Compiling wait-timeout v0.2.1
   Compiling fnv v1.0.7
   Compiling bit-vec v0.8.0
   Compiling quick-error v1.2.3
   Compiling rusty-fork v0.3.1
   Compiling bit-set v0.8.0
   Compiling bytemuck v1.23.2
   Compiling rand_chacha v0.9.0
   Compiling rand v0.9.2
   Compiling rand_xorshift v0.4.0
   Compiling unarray v0.1.4
   Compiling regex-syntax v0.8.8
   Compiling trees v0.1.0 (/tmp/gh-issue-solver-1764693288206/crates/trees)
   Compiling proptest v1.9.0
warning: method `reset` is never used
  --> crates/trees/tests/common/mod.rs:32:10
   |
10 | impl<T> VecStore<T> {
   | ------------------- method in this implementation
...
32 |   pub fn reset(&mut self) {
   |          ^^^^^
   |
   = note: `#[warn(dead_code)]` (part of `#[warn(unused)]`) on by default

warning: `trees` (test "basic") generated 1 warning
warning: `trees` (test "proptest") generated 1 warning (1 duplicate)
    Finished `test` profile [unoptimized + debuginfo] target(s) in 18.99s
     Running unittests src/lib.rs (target/debug/deps/trees-70d3bba92f394399)

running 0 tests

test result: ok. 0 passed; 0 failed; 0 ignored; 0 measured; 0 filtered out; finished in 0.00s

     Running tests/basic.rs (target/debug/deps/basic-8c610569cbee3b8f)

running 2 tests
test test_single_insert ... ok
test test_two_inserts ... ok

test result: ok. 2 passed; 0 failed; 0 ignored; 0 measured; 0 filtered out; finished in 0.00s

     Running tests/proptest.rs (target/debug/deps/proptest-64bddc2324d4c6c8)

running 5 tests
test prop_insert_maintains_size ... ok
test prop_insert_and_search ... ok
test prop_search_respects_ordering ... ok
test prop_sequential_inserts ... ok
test prop_nonexistent_not_found ... ok

test result: ok. 5 passed; 0 failed; 0 ignored; 0 measured; 0 filtered out; finished in 0.03s

   Doc-tests trees

running 0 tests

test result: ok. 0 passed; 0 failed; 0 ignored; 0 measured; 0 filtered out; finished in 0.00s

